Archive member included to satisfy reference by file (symbol)

/Applications/STM32CubeIDE copy.app/Contents/Eclipse/plugins/com.st.stm32cube.ide.mcu.externaltools.gnu-tools-for-stm32.11.3.rel1.macos64_1.1.1.202309131626/tools/bin/../lib/gcc/arm-none-eabi/11.3.1/../../../../arm-none-eabi/lib/thumb/v7e-m+fp/hard/libc_nano.a(libc_a-exit.o)
                              /Applications/STM32CubeIDE copy.app/Contents/Eclipse/plugins/com.st.stm32cube.ide.mcu.externaltools.gnu-tools-for-stm32.11.3.rel1.macos64_1.1.1.202309131626/tools/bin/../lib/gcc/arm-none-eabi/11.3.1/../../../../arm-none-eabi/lib/thumb/v7e-m+fp/hard/crt0.o (exit)
/Applications/STM32CubeIDE copy.app/Contents/Eclipse/plugins/com.st.stm32cube.ide.mcu.externaltools.gnu-tools-for-stm32.11.3.rel1.macos64_1.1.1.202309131626/tools/bin/../lib/gcc/arm-none-eabi/11.3.1/../../../../arm-none-eabi/lib/thumb/v7e-m+fp/hard/libc_nano.a(libc_a-findfp.o)
                              /Applications/STM32CubeIDE copy.app/Contents/Eclipse/plugins/com.st.stm32cube.ide.mcu.externaltools.gnu-tools-for-stm32.11.3.rel1.macos64_1.1.1.202309131626/tools/bin/../lib/gcc/arm-none-eabi/11.3.1/../../../../arm-none-eabi/lib/thumb/v7e-m+fp/hard/libc_nano.a(libc_a-exit.o) (__stdio_exit_handler)
/Applications/STM32CubeIDE copy.app/Contents/Eclipse/plugins/com.st.stm32cube.ide.mcu.externaltools.gnu-tools-for-stm32.11.3.rel1.macos64_1.1.1.202309131626/tools/bin/../lib/gcc/arm-none-eabi/11.3.1/../../../../arm-none-eabi/lib/thumb/v7e-m+fp/hard/libc_nano.a(libc_a-fwalk.o)
                              /Applications/STM32CubeIDE copy.app/Contents/Eclipse/plugins/com.st.stm32cube.ide.mcu.externaltools.gnu-tools-for-stm32.11.3.rel1.macos64_1.1.1.202309131626/tools/bin/../lib/gcc/arm-none-eabi/11.3.1/../../../../arm-none-eabi/lib/thumb/v7e-m+fp/hard/libc_nano.a(libc_a-findfp.o) (_fwalk_sglue)
/Applications/STM32CubeIDE copy.app/Contents/Eclipse/plugins/com.st.stm32cube.ide.mcu.externaltools.gnu-tools-for-stm32.11.3.rel1.macos64_1.1.1.202309131626/tools/bin/../lib/gcc/arm-none-eabi/11.3.1/../../../../arm-none-eabi/lib/thumb/v7e-m+fp/hard/libc_nano.a(libc_a-memset.o)
                              /Applications/STM32CubeIDE copy.app/Contents/Eclipse/plugins/com.st.stm32cube.ide.mcu.externaltools.gnu-tools-for-stm32.11.3.rel1.macos64_1.1.1.202309131626/tools/bin/../lib/gcc/arm-none-eabi/11.3.1/../../../../arm-none-eabi/lib/thumb/v7e-m+fp/hard/crt0.o (memset)
/Applications/STM32CubeIDE copy.app/Contents/Eclipse/plugins/com.st.stm32cube.ide.mcu.externaltools.gnu-tools-for-stm32.11.3.rel1.macos64_1.1.1.202309131626/tools/bin/../lib/gcc/arm-none-eabi/11.3.1/../../../../arm-none-eabi/lib/thumb/v7e-m+fp/hard/libc_nano.a(libc_a-impure.o)
                              /Applications/STM32CubeIDE copy.app/Contents/Eclipse/plugins/com.st.stm32cube.ide.mcu.externaltools.gnu-tools-for-stm32.11.3.rel1.macos64_1.1.1.202309131626/tools/bin/../lib/gcc/arm-none-eabi/11.3.1/../../../../arm-none-eabi/lib/thumb/v7e-m+fp/hard/libc_nano.a(libc_a-findfp.o) (_impure_data)
/Applications/STM32CubeIDE copy.app/Contents/Eclipse/plugins/com.st.stm32cube.ide.mcu.externaltools.gnu-tools-for-stm32.11.3.rel1.macos64_1.1.1.202309131626/tools/bin/../lib/gcc/arm-none-eabi/11.3.1/../../../../arm-none-eabi/lib/thumb/v7e-m+fp/hard/libc_nano.a(libc_a-errno.o)
                              ./Core/Src/syscalls.o (__errno)
/Applications/STM32CubeIDE copy.app/Contents/Eclipse/plugins/com.st.stm32cube.ide.mcu.externaltools.gnu-tools-for-stm32.11.3.rel1.macos64_1.1.1.202309131626/tools/bin/../lib/gcc/arm-none-eabi/11.3.1/../../../../arm-none-eabi/lib/thumb/v7e-m+fp/hard/libc_nano.a(libc_a-init.o)
                              /Applications/STM32CubeIDE copy.app/Contents/Eclipse/plugins/com.st.stm32cube.ide.mcu.externaltools.gnu-tools-for-stm32.11.3.rel1.macos64_1.1.1.202309131626/tools/bin/../lib/gcc/arm-none-eabi/11.3.1/../../../../arm-none-eabi/lib/thumb/v7e-m+fp/hard/crt0.o (__libc_init_array)
/Applications/STM32CubeIDE copy.app/Contents/Eclipse/plugins/com.st.stm32cube.ide.mcu.externaltools.gnu-tools-for-stm32.11.3.rel1.macos64_1.1.1.202309131626/tools/bin/../lib/gcc/arm-none-eabi/11.3.1/../../../../arm-none-eabi/lib/thumb/v7e-m+fp/hard/libc_nano.a(libc_a-lock.o)
                              /Applications/STM32CubeIDE copy.app/Contents/Eclipse/plugins/com.st.stm32cube.ide.mcu.externaltools.gnu-tools-for-stm32.11.3.rel1.macos64_1.1.1.202309131626/tools/bin/../lib/gcc/arm-none-eabi/11.3.1/../../../../arm-none-eabi/lib/thumb/v7e-m+fp/hard/libc_nano.a(libc_a-findfp.o) (__retarget_lock_init_recursive)
/Applications/STM32CubeIDE copy.app/Contents/Eclipse/plugins/com.st.stm32cube.ide.mcu.externaltools.gnu-tools-for-stm32.11.3.rel1.macos64_1.1.1.202309131626/tools/bin/../lib/gcc/arm-none-eabi/11.3.1/../../../../arm-none-eabi/lib/thumb/v7e-m+fp/hard/libc_nano.a(libc_a-mallocr.o)
[...]
Memory Configuration

Name             Origin             Length             Attributes
CCMRAM           0x0000000010000000 0x0000000000010000 xrw
RAM              0x0000000020000000 0x0000000000020000 xrw
FLASH            0x0000000008000000 0x0000000000100000 xr
*default*        0x0000000000000000 0xffffffffffffffff

Linker script and memory map

LOAD /Applications/STM32CubeIDE copy.app/Contents/Eclipse/plugins/com.st.stm32cube.ide.mcu.externaltools.gnu-tools-for-stm32.11.3.rel1.macos64_1.1.1.202309131626/tools/bin/../lib/gcc/arm-none-eabi/11.3.1/thumb/v7e-m+fp/hard/crti.o
LOAD /Applications/STM32CubeIDE copy.app/Contents/Eclipse/plugins/com.st.stm32cube.ide.mcu.externaltools.gnu-tools-for-stm32.11.3.rel1.macos64_1.1.1.202309131626/tools/bin/../lib/gcc/arm-none-eabi/11.3.1/thumb/v7e-m+fp/hard/crtbegin.o
LOAD /Applications/STM32CubeIDE copy.app/Contents/Eclipse/plugins/com.st.stm32cube.ide.mcu.externaltools.gnu-tools-for-stm32.11.3.rel1.macos64_1.1.1.202309131626/tools/bin/../lib/gcc/arm-none-eabi/11.3.1/../../../../arm-none-eabi/lib/thumb/v7e-m+fp/hard/crt0.o
LOAD ./Core/Src/main.o
LOAD ./Core/Src/stm32f4xx_hal_msp.o
LOAD ./Core/Src/stm32f4xx_it.o
LOAD ./Core/Src/syscalls.o
LOAD ./Core/Src/sysmem.o
LOAD ./Core/Src/system_stm32f4xx.o
LOAD ./Core/Src/t1_320x240.o
LOAD ./Core/Src/t2_320x240.o
LOAD ./Core/Src/t3_320x240.o
LOAD ./Core/Startup/startup_stm32f407vgtx.o
LOAD ./Drivers/STM32F4xx_HAL_Driver/Src/stm32f4xx_hal.o
LOAD ./Drivers/STM32F4xx_HAL_Driver/Src/stm32f4xx_hal_cortex.o
LOAD ./Drivers/STM32F4xx_HAL_Driver/Src/stm32f4xx_hal_dma.o
LOAD ./Drivers/STM32F4xx_HAL_Driver/Src/stm32f4xx_hal_dma_ex.o
LOAD ./Drivers/STM32F4xx_HAL_Driver/Src/stm32f4xx_hal_exti.o
LOAD ./Drivers/STM32F4xx_HAL_Driver/Src/stm32f4xx_hal_flash.o
LOAD ./Drivers/STM32F4xx_HAL_Driver/Src/stm32f4xx_hal_flash_ex.o
LOAD ./Drivers/STM32F4xx_HAL_Driver/Src/stm32f4xx_hal_flash_ramfunc.o
LOAD ./Drivers/STM32F4xx_HAL_Driver/Src/stm32f4xx_hal_gpio.o
LOAD ./Drivers/STM32F4xx_HAL_Driver/Src/stm32f4xx_hal_pwr.o
LOAD ./Drivers/STM32F4xx_HAL_Driver/Src/stm32f4xx_hal_pwr_ex.o
LOAD ./Drivers/STM32F4xx_HAL_Driver/Src/stm32f4xx_hal_rcc.o
LOAD ./Drivers/STM32F4xx_HAL_Driver/Src/stm32f4xx_hal_rcc_ex.o
LOAD ./Drivers/STM32F4xx_HAL_Driver/Src/stm32f4xx_hal_spi.o
LOAD ./Drivers/STM32F4xx_HAL_Driver/Src/stm32f4xx_hal_tim.o
LOAD ./Drivers/STM32F4xx_HAL_Driver/Src/stm32f4xx_hal_tim_ex.o
LOAD ./bsp_f4x/lcd/bsp_lcd.o
START GROUP
LOAD /Applications/STM32CubeIDE copy.app/Contents/Eclipse/plugins/com.st.stm32cube.ide.mcu.externaltools.gnu-tools-for-stm32.11.3.rel1.macos64_1.1.1.202309131626/tools/bin/../lib/gcc/arm-none-eabi/11.3.1/../../../../arm-none-eabi/lib/thumb/v7e-m+fp/hard/libc_nano.a
LOAD /Applications/STM32CubeIDE copy.app/Contents/Eclipse/plugins/com.st.stm32cube.ide.mcu.externaltools.gnu-tools-for-stm32.11.3.rel1.macos64_1.1.1.202309131626/tools/bin/../lib/gcc/arm-none-eabi/11.3.1/../../../../arm-none-eabi/lib/thumb/v7e-m+fp/hard/libm.a
END GROUP
START GROUP
LOAD /Applications/STM32CubeIDE copy.app/Contents/Eclipse/plugins/com.st.stm32cube.ide.mcu.externaltools.gnu-tools-for-stm32.11.3.rel1.macos64_1.1.1.202309131626/tools/bin/../lib/gcc/arm-none-eabi/11.3.1/thumb/v7e-m+fp/hard/libgcc.a
LOAD /Applications/STM32CubeIDE copy.app/Contents/Eclipse/plugins/com.st.stm32cube.ide.mcu.externaltools.gnu-tools-for-stm32.11.3.rel1.macos64_1.1.1.202309131626/tools/bin/../lib/gcc/arm-none-eabi/11.3.1/../../../../arm-none-eabi/lib/thumb/v7e-m+fp/hard/libc_nano.a
END GROUP
START GROUP
LOAD /Applications/STM32CubeIDE copy.app/Contents/Eclipse/plugins/com.st.stm32cube.ide.mcu.externaltools.gnu-tools-for-stm32.11.3.rel1.macos64_1.1.1.202309131626/tools/bin/../lib/gcc/arm-none-eabi/11.3.1/thumb/v7e-m+fp/hard/libgcc.a
LOAD /Applications/STM32CubeIDE copy.app/Contents/Eclipse/plugins/com.st.stm32cube.ide.mcu.externaltools.gnu-tools-for-stm32.11.3.rel1.macos64_1.1.1.202309131626/tools/bin/../lib/gcc/arm-none-eabi/11.3.1/../../../../arm-none-eabi/lib/thumb/v7e-m+fp/hard/libc_nano.a
LOAD /Applications/STM32CubeIDE copy.app/Contents/Eclipse/plugins/com.st.stm32cube.ide.mcu.externaltools.gnu-tools-for-stm32.11.3.rel1.macos64_1.1.1.202309131626/tools/bin/../lib/gcc/arm-none-eabi/11.3.1/../../../../arm-none-eabi/lib/thumb/v7e-m+fp/hard/libnosys.a
END GROUP
START GROUP
LOAD /Applications/STM32CubeIDE copy.app/Contents/Eclipse/plugins/com.st.stm32cube.ide.mcu.externaltools.gnu-tools-for-stm32.11.3.rel1.macos64_1.1.1.202309131626/tools/bin/../lib/gcc/arm-none-eabi/11.3.1/thumb/v7e-m+fp/hard/libgcc.a
LOAD /Applications/STM32CubeIDE copy.app/Contents/Eclipse/plugins/com.st.stm32cube.ide.mcu.externaltools.gnu-tools-for-stm32.11.3.rel1.macos64_1.1.1.202309131626/tools/bin/../lib/gcc/arm-none-eabi/11.3.1/../../../../arm-none-eabi/lib/thumb/v7e-m+fp/hard/libc_nano.a
LOAD /Applications/STM32CubeIDE copy.app/Contents/Eclipse/plugins/com.st.stm32cube.ide.mcu.externaltools.gnu-tools-for-stm32.11.3.rel1.macos64_1.1.1.202309131626/tools/bin/../lib/gcc/arm-none-eabi/11.3.1/../../../../arm-none-eabi/lib/thumb/v7e-m+fp/hard/libnosys.a
END GROUP
LOAD /Applications/STM32CubeIDE copy.app/Contents/Eclipse/plugins/com.st.stm32cube.ide.mcu.externaltools.gnu-tools-for-stm32.11.3.rel1.macos64_1.1.1.202309131626/tools/bin/../lib/gcc/arm-none-eabi/11.3.1/thumb/v7e-m+fp/hard/crtend.o
LOAD /Applications/STM32CubeIDE copy.app/Contents/Eclipse/plugins/com.st.stm32cube.ide.mcu.externaltools.gnu-tools-for-stm32.11.3.rel1.macos64_1.1.1.202309131626/tools/bin/../lib/gcc/arm-none-eabi/11.3.1/thumb/v7e-m+fp/hard/crtn.o
                0x0000000020020000                _estack = (ORIGIN (RAM) + LENGTH (RAM))
                0x0000000000000200                _Min_Heap_Size = 0x200
                0x0000000000000400                _Min_Stack_Size = 0x400

.isr_vector     0x0000000008000000      0x188
                0x0000000008000000                . = ALIGN (0x4)
 *(.isr_vector)
 .isr_vector    0x0000000008000000      0x188 ./Core/Startup/startup_stm32f407vgtx.o
                0x0000000008000000                g_pfnVectors
                0x0000000008000188                . = ALIGN (0x4)

.text           0x0000000008000188     0x1c00
                0x0000000008000188                . = ALIGN (0x4)
 *(.text)
 .text          0x0000000008000188       0x40 /Applications/STM32CubeIDE copy.app/Contents/Eclipse/plugins/com.st.stm32cube.ide.mcu.externaltools.gnu-tools-for-stm32.11.3.rel1.macos64_1.1.1.202309131626/tools/bin/../lib/gcc/arm-none-eabi/11.3.1/thumb/v7e-m+fp/hard/crtbegin.o
 .text          0x00000000080001c8       0x30 /Applications/STM32CubeIDE copy.app/Contents/Eclipse/plugins/com.st.stm32cube.ide.mcu.externaltools.gnu-tools-for-stm32.11.3.rel1.macos64_1.1.1.202309131626/tools/bin/../lib/gcc/arm-none-eabi/11.3.1/thumb/v7e-m+fp/hard/libgcc.a(_aeabi_uldivmod.o)
                0x00000000080001c8                __aeabi_uldivmod
 .text          0x00000000080001f8      0x2c8 /Applications/STM32CubeIDE copy.app/Contents/Eclipse/plugins/com.st.stm32cube.ide.mcu.externaltools.gnu-tools-for-stm32.11.3.rel1.macos64_1.1.1.202309131626/tools/bin/../lib/gcc/arm-none-eabi/11.3.1/thumb/v7e-m+fp/hard/libgcc.a(_udivmoddi4.o)
                0x00000000080001f8                __udivmoddi4
 .text          0x00000000080004c0        0x4 /Applications/STM32CubeIDE copy.app/Contents/Eclipse/plugins/com.st.stm32cube.ide.mcu.externaltools.gnu-tools-for-stm32.11.3.rel1.macos64_1.1.1.202309131626/tools/bin/../lib/gcc/arm-none-eabi/11.3.1/thumb/v7e-m+fp/hard/libgcc.a(_dvmd_tls.o)
                0x00000000080004c0                __aeabi_ldiv0
                0x00000000080004c0                __aeabi_idiv0
 *(.text*)
 .text.write_frame
                0x00000000080004c4       0x2c ./Core/Src/main.o
                0x00000000080004c4                write_frame
 .text.main     0x00000000080004f0       0x54 ./Core/Src/main.o
                0x00000000080004f0                main
 .text.SystemClock_Config
                0x0000000008000544       0xd4 ./Core/Src/main.o
                0x0000000008000544                SystemClock_Config
 .text.Error_Handler
                0x0000000008000618        0xa ./Core/Src/main.o
                0x0000000008000618                Error_Handler
 *fill*         0x0000000008000622        0x2 
 .text.HAL_MspInit
                0x0000000008000624       0x50 ./Core/Src/stm32f4xx_hal_msp.o
                0x0000000008000624                HAL_MspInit
 .text.NMI_Handler
                0x0000000008000674        0x6 ./Core/Src/stm32f4xx_it.o
                0x0000000008000674                NMI_Handler
 .text.HardFault_Handler
                0x000000000800067a        0x6 ./Core/Src/stm32f4xx_it.o
                0x000000000800067a                HardFault_Handler
 .text.MemManage_Handler
                0x0000000008000680        0x6 ./Core/Src/stm32f4xx_it.o
                0x0000000008000680                MemManage_Handler
 .text.BusFault_Handler
                0x0000000008000686        0x6 ./Core/Src/stm32f4xx_it.o
                0x0000000008000686                BusFault_Handler
 .text.UsageFault_Handler
                0x000000000800068c        0x6 ./Core/Src/stm32f4xx_it.o
                0x000000000800068c                UsageFault_Handler
 .text.SVC_Handler
                0x0000000008000692        0xe ./Core/Src/stm32f4xx_it.o
                0x0000000008000692                SVC_Handler
 .text.DebugMon_Handler
                0x00000000080006a0        0xe ./Core/Src/stm32f4xx_it.o
                0x00000000080006a0                DebugMon_Handler
 .text.PendSV_Handler
                0x00000000080006ae        0xe ./Core/Src/stm32f4xx_it.o
                0x00000000080006ae                PendSV_Handler
 .text.SysTick_Handler
                0x00000000080006bc        0xc ./Core/Src/stm32f4xx_it.o
                0x00000000080006bc                SysTick_Handler
 .text.SystemInit
                0x00000000080006c8       0x24 ./Core/Src/system_stm32f4xx.o
                0x00000000080006c8                SystemInit
 .text.Reset_Handler
                0x00000000080006ec       0x50 ./Core/Startup/startup_stm32f407vgtx.o
                0x00000000080006ec                Reset_Handler
 .text.Default_Handler
                0x000000000800073c        0x2 ./Core/Startup/startup_stm32f407vgtx.o
                0x000000000800073c                DMA1_Stream3_IRQHandler
                0x000000000800073c                HASH_RNG_IRQHandler
                0x000000000800073c                EXTI2_IRQHandler
                0x000000000800073c                TIM8_CC_IRQHandler
                0x000000000800073c                TIM1_CC_IRQHandler
                0x000000000800073c                DMA2_Stream5_IRQHandler
                0x000000000800073c                DMA1_Stream5_IRQHandler
                0x000000000800073c                PVD_IRQHandler
                0x000000000800073c                SDIO_IRQHandler
                0x000000000800073c                TAMP_STAMP_IRQHandler
                0x000000000800073c                CAN2_RX1_IRQHandler
                0x000000000800073c                EXTI3_IRQHandler
                0x000000000800073c                TIM8_TRG_COM_TIM14_IRQHandler
                0x000000000800073c                TIM1_UP_TIM10_IRQHandler
                0x000000000800073c                TIM8_UP_TIM13_IRQHandler
                0x000000000800073c                I2C3_ER_IRQHandler
                0x000000000800073c                EXTI0_IRQHandler
                0x000000000800073c                I2C2_EV_IRQHandler
                0x000000000800073c                DMA1_Stream2_IRQHandler
                0x000000000800073c                CAN1_RX0_IRQHandler
                0x000000000800073c                FPU_IRQHandler
                0x000000000800073c                OTG_HS_WKUP_IRQHandler
                0x000000000800073c                CAN2_SCE_IRQHandler
                0x000000000800073c                DMA2_Stream2_IRQHandler
                0x000000000800073c                SPI1_IRQHandler
                0x000000000800073c                TIM6_DAC_IRQHandler
                0x000000000800073c                TIM1_BRK_TIM9_IRQHandler
                0x000000000800073c                DCMI_IRQHandler
                0x000000000800073c                CAN2_RX0_IRQHandler
                0x000000000800073c                DMA2_Stream3_IRQHandler
                0x000000000800073c                USART6_IRQHandler
                0x000000000800073c                USART3_IRQHandler
                0x000000000800073c                CAN1_RX1_IRQHandler
                0x000000000800073c                UART5_IRQHandler
                0x000000000800073c                DMA2_Stream0_IRQHandler
                0x000000000800073c                TIM4_IRQHandler
                0x000000000800073c                I2C1_EV_IRQHandler
                0x000000000800073c                DMA1_Stream6_IRQHandler
                0x000000000800073c                DMA1_Stream1_IRQHandler
                0x000000000800073c                UART4_IRQHandler
                0x000000000800073c                TIM3_IRQHandler
                0x000000000800073c                RCC_IRQHandler
                0x000000000800073c                TIM8_BRK_TIM12_IRQHandler
                0x000000000800073c                Default_Handler
                0x000000000800073c                EXTI15_10_IRQHandler
                0x000000000800073c                ADC_IRQHandler
                0x000000000800073c                DMA1_Stream7_IRQHandler
                0x000000000800073c                TIM7_IRQHandler
                0x000000000800073c                CAN2_TX_IRQHandler
                0x000000000800073c                TIM5_IRQHandler
                0x000000000800073c                DMA2_Stream7_IRQHandler
                0x000000000800073c                I2C3_EV_IRQHandler
                0x000000000800073c                EXTI9_5_IRQHandler
                0x000000000800073c                RTC_WKUP_IRQHandler
                0x000000000800073c                ETH_WKUP_IRQHandler
                0x000000000800073c                SPI2_IRQHandler
                0x000000000800073c                OTG_HS_EP1_IN_IRQHandler
                0x000000000800073c                DMA1_Stream0_IRQHandler
                0x000000000800073c                CAN1_TX_IRQHandler
                0x000000000800073c                EXTI4_IRQHandler
                0x000000000800073c                FSMC_IRQHandler
                0x000000000800073c                ETH_IRQHandler
                0x000000000800073c                OTG_HS_EP1_OUT_IRQHandler
                0x000000000800073c                WWDG_IRQHandler
                0x000000000800073c                TIM2_IRQHandler
                0x000000000800073c                OTG_FS_WKUP_IRQHandler
                0x000000000800073c                TIM1_TRG_COM_TIM11_IRQHandler
                0x000000000800073c                OTG_HS_IRQHandler
                0x000000000800073c                EXTI1_IRQHandler
                0x000000000800073c                USART2_IRQHandler
                0x000000000800073c                I2C2_ER_IRQHandler
                0x000000000800073c                DMA2_Stream1_IRQHandler
                0x000000000800073c                CAN1_SCE_IRQHandler
                0x000000000800073c                FLASH_IRQHandler
                0x000000000800073c                DMA2_Stream4_IRQHandler
                0x000000000800073c                USART1_IRQHandler
                0x000000000800073c                OTG_FS_IRQHandler
                0x000000000800073c                SPI3_IRQHandler
                0x000000000800073c                I2C1_ER_IRQHandler
                0x000000000800073c                DMA2_Stream6_IRQHandler
                0x000000000800073c                RTC_Alarm_IRQHandler
 *fill*         0x000000000800073e        0x2 
 .text.HAL_Init
                0x0000000008000740       0x44 ./Drivers/STM32F4xx_HAL_Driver/Src/stm32f4xx_hal.o
                0x0000000008000740                HAL_Init
 .text.HAL_InitTick
                0x0000000008000784       0x60 ./Drivers/STM32F4xx_HAL_Driver/Src/stm32f4xx_hal.o
                0x0000000008000784                HAL_InitTick
 .text.HAL_IncTick
                0x00000000080007e4       0x28 ./Drivers/STM32F4xx_HAL_Driver/Src/stm32f4xx_hal.o
                0x00000000080007e4                HAL_IncTick
 .text.HAL_GetTick
                0x000000000800080c       0x18 ./Drivers/STM32F4xx_HAL_Driver/Src/stm32f4xx_hal.o
                0x000000000800080c                HAL_GetTick
 .text.HAL_Delay
                0x0000000008000824       0x48 ./Drivers/STM32F4xx_HAL_Driver/Src/stm32f4xx_hal.o
                0x0000000008000824                HAL_Delay
 .text.__NVIC_SetPriorityGrouping
                0x000000000800086c       0x48 ./Drivers/STM32F4xx_HAL_Driver/Src/stm32f4xx_hal_cortex.o
 .text.__NVIC_GetPriorityGrouping
                0x00000000080008b4       0x1c ./Drivers/STM32F4xx_HAL_Driver/Src/stm32f4xx_hal_cortex.o
 .text.__NVIC_SetPriority
                0x00000000080008d0       0x54 ./Drivers/STM32F4xx_HAL_Driver/Src/stm32f4xx_hal_cortex.o
 .text.NVIC_EncodePriority
                0x0000000008000924       0x66 ./Drivers/STM32F4xx_HAL_Driver/Src/stm32f4xx_hal_cortex.o
 *fill*         0x000000000800098a        0x2 
 .text.SysTick_Config
                0x000000000800098c       0x44 ./Drivers/STM32F4xx_HAL_Driver/Src/stm32f4xx_hal_cortex.o
 .text.HAL_NVIC_SetPriorityGrouping
                0x00000000080009d0       0x16 ./Drivers/STM32F4xx_HAL_Driver/Src/stm32f4xx_hal_cortex.o
                0x00000000080009d0                HAL_NVIC_SetPriorityGrouping
 .text.HAL_NVIC_SetPriority
                0x00000000080009e6       0x38 ./Drivers/STM32F4xx_HAL_Driver/Src/stm32f4xx_hal_cortex.o
                0x00000000080009e6                HAL_NVIC_SetPriority
 .text.HAL_SYSTICK_Config
                0x0000000008000a1e       0x18 ./Drivers/STM32F4xx_HAL_Driver/Src/stm32f4xx_hal_cortex.o
                0x0000000008000a1e                HAL_SYSTICK_Config
 *fill*         0x0000000008000a36        0x2 
 .text.HAL_RCC_OscConfig
                0x0000000008000a38      0x4f0 ./Drivers/STM32F4xx_HAL_Driver/Src/stm32f4xx_hal_rcc.o
                0x0000000008000a38                HAL_RCC_OscConfig
 .text.HAL_RCC_ClockConfig
                0x0000000008000f28      0x1cc ./Drivers/STM32F4xx_HAL_Driver/Src/stm32f4xx_hal_rcc.o
                0x0000000008000f28                HAL_RCC_ClockConfig
 .text.HAL_RCC_GetSysClockFreq
                0x00000000080010f4      0x20c ./Drivers/STM32F4xx_HAL_Driver/Src/stm32f4xx_hal_rcc.o
                0x00000000080010f4                HAL_RCC_GetSysClockFreq
 .text.bsp_lcd_init
                0x0000000008001300       0x80 ./bsp_f4x/lcd/bsp_lcd.o
                0x0000000008001300                bsp_lcd_init
 .text.bsp_lcd_send_cmd_mem_write
                0x0000000008001380        0xe ./bsp_f4x/lcd/bsp_lcd.o
                0x0000000008001380                bsp_lcd_send_cmd_mem_write
 *fill*         0x000000000800138e        0x2 
 .text.bsp_lcd_write
                0x0000000008001390       0xc4 ./bsp_f4x/lcd/bsp_lcd.o
                0x0000000008001390                bsp_lcd_write
 .text.lcd_pin_init
                0x0000000008001454      0x220 ./bsp_f4x/lcd/bsp_lcd.o
                0x0000000008001454                lcd_pin_init
 .text.lcd_spi_enable
                0x0000000008001674       0x20 ./bsp_f4x/lcd/bsp_lcd.o
                0x0000000008001674                lcd_spi_enable
 .text.lcd_spi_init
                0x0000000008001694       0xb0 ./bsp_f4x/lcd/bsp_lcd.o
                0x0000000008001694                lcd_spi_init
 .text.delay_50ms
                0x0000000008001744       0x2c ./bsp_f4x/lcd/bsp_lcd.o
 .text.lcd_reset
                0x0000000008001770       0x5c ./bsp_f4x/lcd/bsp_lcd.o
                0x0000000008001770                lcd_reset
 .text.lcd_config
                0x00000000080017cc      0x228 ./bsp_f4x/lcd/bsp_lcd.o
                0x00000000080017cc                lcd_config
 .text.lcd_set_orientation
                0x00000000080019f4       0x3a ./bsp_f4x/lcd/bsp_lcd.o
                0x00000000080019f4                lcd_set_orientation
 *fill*         0x0000000008001a2e        0x2 
 .text.lcd_write_cmd
                0x0000000008001a30       0x88 ./bsp_f4x/lcd/bsp_lcd.o
                0x0000000008001a30                lcd_write_cmd
 .text.lcd_write_data
                0x0000000008001ab8       0x88 ./bsp_f4x/lcd/bsp_lcd.o
                0x0000000008001ab8                lcd_write_data
 .text.bsp_lcd_set_display_area
                0x0000000008001b40       0x40 ./bsp_f4x/lcd/bsp_lcd.o
                0x0000000008001b40                bsp_lcd_set_display_area
 .text.lcd_set_display_area
                0x0000000008001b80       0x84 ./bsp_f4x/lcd/bsp_lcd.o
                0x0000000008001b80                lcd_set_display_area
 .text.lcd_buffer_init
                0x0000000008001c04       0x34 ./bsp_f4x/lcd/bsp_lcd.o
                0x0000000008001c04                lcd_buffer_init
 .text.lcd_dma_init
                0x0000000008001c38       0x14 ./bsp_f4x/lcd/bsp_lcd.o
                0x0000000008001c38                lcd_dma_init
 .text.DMA_TransferError
                0x0000000008001c4c       0x14 ./bsp_f4x/lcd/bsp_lcd.o
                0x0000000008001c4c                DMA_TransferError
 .text.DMA_TransferComplete
                0x0000000008001c60       0x14 ./bsp_f4x/lcd/bsp_lcd.o
                0x0000000008001c60                DMA_TransferComplete
 .text.dma_lcd_write_error
                0x0000000008001c74       0x10 ./bsp_f4x/lcd/bsp_lcd.o
 .text.dma_cmplt_callback_spi_write
                0x0000000008001c84       0x1c ./bsp_f4x/lcd/bsp_lcd.o
 .text.DMA1_Stream4_IRQHandler
                0x0000000008001ca0       0x78 ./bsp_f4x/lcd/bsp_lcd.o
                0x0000000008001ca0                DMA1_Stream4_IRQHandler
 .text.memset   0x0000000008001d18       0x10 /Applications/STM32CubeIDE copy.app/Contents/Eclipse/plugins/com.st.stm32cube.ide.mcu.externaltools.gnu-tools-for-stm32.11.3.rel1.macos64_1.1.1.202309131626/tools/bin/../lib/gcc/arm-none-eabi/11.3.1/../../../../arm-none-eabi/lib/thumb/v7e-m+fp/hard/libc_nano.a(libc_a-memset.o)
                0x0000000008001d18                memset
 .text.__libc_init_array
                0x0000000008001d28       0x48 /Applications/STM32CubeIDE copy.app/Contents/Eclipse/plugins/com.st.stm32cube.ide.mcu.externaltools.gnu-tools-for-stm32.11.3.rel1.macos64_1.1.1.202309131626/tools/bin/../lib/gcc/arm-none-eabi/11.3.1/../../../../arm-none-eabi/lib/thumb/v7e-m+fp/hard/libc_nano.a(libc_a-init.o)
                0x0000000008001d28                __libc_init_array
 *(.glue_7)
 .glue_7        0x0000000008001d70        0x0 linker stubs
 *(.glue_7t)
 .glue_7t       0x0000000008001d70        0x0 linker stubs
 *(.eh_frame)
 .eh_frame      0x0000000008001d70        0x0 /Applications/STM32CubeIDE copy.app/Contents/Eclipse/plugins/com.st.stm32cube.ide.mcu.externaltools.gnu-tools-for-stm32.11.3.rel1.macos64_1.1.1.202309131626/tools/bin/../lib/gcc/arm-none-eabi/11.3.1/thumb/v7e-m+fp/hard/crtbegin.o
 *(.init)
 .init          0x0000000008001d70        0x4 /Applications/STM32CubeIDE copy.app/Contents/Eclipse/plugins/com.st.stm32cube.ide.mcu.externaltools.gnu-tools-for-stm32.11.3.rel1.macos64_1.1.1.202309131626/tools/bin/../lib/gcc/arm-none-eabi/11.3.1/thumb/v7e-m+fp/hard/crti.o
                0x0000000008001d70                _init
 .init          0x0000000008001d74        0x8 /Applications/STM32CubeIDE copy.app/Contents/Eclipse/plugins/com.st.stm32cube.ide.mcu.externaltools.gnu-tools-for-stm32.11.3.rel1.macos64_1.1.1.202309131626/tools/bin/../lib/gcc/arm-none-eabi/11.3.1/thumb/v7e-m+fp/hard/crtn.o
 *(.fini)
 .fini          0x0000000008001d7c        0x4 /Applications/STM32CubeIDE copy.app/Contents/Eclipse/plugins/com.st.stm32cube.ide.mcu.externaltools.gnu-tools-for-stm32.11.3.rel1.macos64_1.1.1.202309131626/tools/bin/../lib/gcc/arm-none-eabi/11.3.1/thumb/v7e-m+fp/hard/crti.o
                0x0000000008001d7c                _fini
 .fini          0x0000000008001d80        0x8 /Applications/STM32CubeIDE copy.app/Contents/Eclipse/plugins/com.st.stm32cube.ide.mcu.externaltools.gnu-tools-for-stm32.11.3.rel1.macos64_1.1.1.202309131626/tools/bin/../lib/gcc/arm-none-eabi/11.3.1/thumb/v7e-m+fp/hard/crtn.o
                0x0000000008001d88                . = ALIGN (0x4)
                0x0000000008001d88                _etext = .

.vfp11_veneer   0x0000000008001d88        0x0
 .vfp11_veneer  0x0000000008001d88        0x0 linker stubs

.v4_bx          0x0000000008001d88        0x0
 .v4_bx         0x0000000008001d88        0x0 linker stubs

.iplt           0x0000000008001d88        0x0
 .iplt          0x0000000008001d88        0x0 /Applications/STM32CubeIDE copy.app/Contents/Eclipse/plugins/com.st.stm32cube.ide.mcu.externaltools.gnu-tools-for-stm32.11.3.rel1.macos64_1.1.1.202309131626/tools/bin/../lib/gcc/arm-none-eabi/11.3.1/thumb/v7e-m+fp/hard/crtbegin.o

.rodata         0x0000000008001d88    0x70810
                0x0000000008001d88                . = ALIGN (0x4)
 *(.rodata)
 *(.rodata*)
 .rodata.AHBPrescTable
                0x0000000008001d88       0x10 ./Core/Src/system_stm32f4xx.o
                0x0000000008001d88                AHBPrescTable
 .rodata.t1_320x240_map
                0x0000000008001d98    0x25800 ./Core/Src/t1_320x240.o
                0x0000000008001d98                t1_320x240_map
 .rodata.t2_320x240_map
                0x0000000008027598    0x25800 ./Core/Src/t2_320x240.o
                0x0000000008027598                t2_320x240_map
 .rodata.t3_320x240_map
                0x000000000804cd98    0x25800 ./Core/Src/t3_320x240.o
                0x000000000804cd98                t3_320x240_map
                0x0000000008072598                . = ALIGN (0x4)

.ARM.extab      0x0000000008072598        0x0
                0x0000000008072598                . = ALIGN (0x4)
 *(.ARM.extab* .gnu.linkonce.armextab.*)
                0x0000000008072598                . = ALIGN (0x4)

.ARM            0x0000000008072598        0x8
                0x0000000008072598                . = ALIGN (0x4)
                0x0000000008072598                __exidx_start = .
 *(.ARM.exidx*)
 .ARM.exidx     0x0000000008072598        0x8 /Applications/STM32CubeIDE copy.app/Contents/Eclipse/plugins/com.st.stm32cube.ide.mcu.externaltools.gnu-tools-for-stm32.11.3.rel1.macos64_1.1.1.202309131626/tools/bin/../lib/gcc/arm-none-eabi/11.3.1/thumb/v7e-m+fp/hard/libgcc.a(_udivmoddi4.o)
                0x00000000080725a0                __exidx_end = .
                0x00000000080725a0                . = ALIGN (0x4)

.rel.dyn        0x00000000080725a0        0x0
 .rel.iplt      0x00000000080725a0        0x0 /Applications/STM32CubeIDE copy.app/Contents/Eclipse/plugins/com.st.stm32cube.ide.mcu.externaltools.gnu-tools-for-stm32.11.3.rel1.macos64_1.1.1.202309131626/tools/bin/../lib/gcc/arm-none-eabi/11.3.1/thumb/v7e-m+fp/hard/crtbegin.o

.preinit_array  0x00000000080725a0        0x0
                0x00000000080725a0                . = ALIGN (0x4)
                0x00000000080725a0                PROVIDE (__preinit_array_start = .)
 *(.preinit_array*)
                0x00000000080725a0                PROVIDE (__preinit_array_end = .)
                0x00000000080725a0                . = ALIGN (0x4)

.init_array     0x00000000080725a0        0x4
                0x00000000080725a0                . = ALIGN (0x4)
                0x00000000080725a0                PROVIDE (__init_array_start = .)
 *(SORT_BY_NAME(.init_array.*))
 *(.init_array*)
 .init_array    0x00000000080725a0        0x4 /Applications/STM32CubeIDE copy.app/Contents/Eclipse/plugins/com.st.stm32cube.ide.mcu.externaltools.gnu-tools-for-stm32.11.3.rel1.macos64_1.1.1.202309131626/tools/bin/../lib/gcc/arm-none-eabi/11.3.1/thumb/v7e-m+fp/hard/crtbegin.o
                0x00000000080725a4                PROVIDE (__init_array_end = .)
                0x00000000080725a4                . = ALIGN (0x4)

.fini_array     0x00000000080725a4        0x4
                0x00000000080725a4                . = ALIGN (0x4)
                [!provide]                        PROVIDE (__fini_array_start = .)
 *(SORT_BY_NAME(.fini_array.*))
 *(.fini_array*)
 .fini_array    0x00000000080725a4        0x4 /Applications/STM32CubeIDE copy.app/Contents/Eclipse/plugins/com.st.stm32cube.ide.mcu.externaltools.gnu-tools-for-stm32.11.3.rel1.macos64_1.1.1.202309131626/tools/bin/../lib/gcc/arm-none-eabi/11.3.1/thumb/v7e-m+fp/hard/crtbegin.o
                [!provide]                        PROVIDE (__fini_array_end = .)
                0x00000000080725a8                . = ALIGN (0x4)
                0x00000000080725a8                _sidata = LOADADDR (.data)

.data           0x0000000020000000       0x10 load address 0x00000000080725a8
                0x0000000020000000                . = ALIGN (0x4)
                0x0000000020000000                _sdata = .
 *(.data)
 *(.data*)
 .data.SystemCoreClock
                0x0000000020000000        0x4 ./Core/Src/system_stm32f4xx.o
                0x0000000020000000                SystemCoreClock
 .data.uwTickPrio
                0x0000000020000004        0x4 ./Drivers/STM32F4xx_HAL_Driver/Src/stm32f4xx_hal.o
                0x0000000020000004                uwTickPrio
 .data.uwTickFreq
                0x0000000020000008        0x1 ./Drivers/STM32F4xx_HAL_Driver/Src/stm32f4xx_hal.o
                0x0000000020000008                uwTickFreq
 *fill*         0x0000000020000009        0x3 
 .data.hlcd     0x000000002000000c        0x4 ./bsp_f4x/lcd/bsp_lcd.o
                0x000000002000000c                hlcd
 *(.RamFunc)
 *(.RamFunc*)
                0x0000000020000010                . = ALIGN (0x4)
                0x0000000020000010                _edata = .
                0x00000000080725b8                _siccmram = LOADADDR (.ccmram)

.igot.plt       0x0000000020000010        0x0 load address 0x00000000080725b8
 .igot.plt      0x0000000020000010        0x0 /Applications/STM32CubeIDE copy.app/Contents/Eclipse/plugins/com.st.stm32cube.ide.mcu.externaltools.gnu-tools-for-stm32.11.3.rel1.macos64_1.1.1.202309131626/tools/bin/../lib/gcc/arm-none-eabi/11.3.1/thumb/v7e-m+fp/hard/crtbegin.o

.ccmram         0x0000000010000000        0x0 load address 0x00000000080725b8
                0x0000000010000000                . = ALIGN (0x4)
                0x0000000010000000                _sccmram = .
 *(.ccmram)
 *(.ccmram*)
                0x0000000010000000                . = ALIGN (0x4)
                0x0000000010000000                _eccmram = .
                0x0000000010000000                . = ALIGN (0x4)

.bss            0x0000000020000010     0x5048
                0x0000000020000010                _sbss = .
                0x0000000020000010                __bss_start__ = _sbss
 *(.bss)
 .bss           0x0000000020000010       0x1c /Applications/STM32CubeIDE copy.app/Contents/Eclipse/plugins/com.st.stm32cube.ide.mcu.externaltools.gnu-tools-for-stm32.11.3.rel1.macos64_1.1.1.202309131626/tools/bin/../lib/gcc/arm-none-eabi/11.3.1/thumb/v7e-m+fp/hard/crtbegin.o
 *(.bss*)
 .bss.uwTick    0x000000002000002c        0x4 ./Drivers/STM32F4xx_HAL_Driver/Src/stm32f4xx_hal.o
                0x000000002000002c                uwTick
 .bss.lcd_handle
                0x0000000020000030       0x28 ./bsp_f4x/lcd/bsp_lcd.o
                0x0000000020000030                lcd_handle
 .bss.bsp_db    0x0000000020000058     0x2800 ./bsp_f4x/lcd/bsp_lcd.o
                0x0000000020000058                bsp_db
 .bss.bsp_wb    0x0000000020002858     0x2800 ./bsp_f4x/lcd/bsp_lcd.o
                0x0000000020002858                bsp_wb
 *(COMMON)
                0x0000000020005058                . = ALIGN (0x4)
                0x0000000020005058                _ebss = .
                0x0000000020005058                __bss_end__ = _ebss

._user_heap_stack
                0x0000000020005058      0x600
                0x0000000020005058                . = ALIGN (0x8)
                [!provide]                        PROVIDE (end = .)
                0x0000000020005058                PROVIDE (_end = .)
                0x0000000020005258                . = (. + _Min_Heap_Size)
 *fill*         0x0000000020005058      0x200 
                0x0000000020005658                . = (. + _Min_Stack_Size)
 *fill*         0x0000000020005258      0x400 
                0x0000000020005658                . = ALIGN (0x8)

/DISCARD/
 libc.a(*)
 libm.a(*)
 libgcc.a(*)

.ARM.attributes
                0x0000000000000000       0x30
 *(.ARM.attributes)
 .ARM.attributes
                0x0000000000000000       0x1e /Applications/STM32CubeIDE copy.app/Contents/Eclipse/plugins/com.st.stm32cube.ide.mcu.externaltools.gnu-tools-for-stm32.11.3.rel1.macos64_1.1.1.202309131626/tools/bin/../lib/gcc/arm-none-eabi/11.3.1/thumb/v7e-m+fp/hard/crti.o
 .ARM.attributes
                0x000000000000001e       0x34 /Applications/STM32CubeIDE copy.app/Contents/Eclipse/plugins/com.st.stm32cube.ide.mcu.externaltools.gnu-tools-for-stm32.11.3.rel1.macos64_1.1.1.202309131626/tools/bin/../lib/gcc/arm-none-eabi/11.3.1/thumb/v7e-m+fp/hard/crtbegin.o
 .ARM.attributes
                0x0000000000000052       0x34 ./Core/Src/main.o
 .ARM.attributes
                0x0000000000000086       0x34 ./Core/Src/stm32f4xx_hal_msp.o
 .ARM.attributes
                0x00000000000000ba       0x34 ./Core/Src/stm32f4xx_it.o
 .ARM.attributes
                0x00000000000000ee       0x34 ./Core/Src/system_stm32f4xx.o
 .ARM.attributes
                0x0000000000000122       0x34 ./Core/Src/t1_320x240.o
 .ARM.attributes
                0x0000000000000156       0x34 ./Core/Src/t2_320x240.o
 .ARM.attributes
                0x000000000000018a       0x34 ./Core/Src/t3_320x240.o
 .ARM.attributes
                0x00000000000001be       0x21 ./Core/Startup/startup_stm32f407vgtx.o
 .ARM.attributes
                0x00000000000001df       0x34 ./Drivers/STM32F4xx_HAL_Driver/Src/stm32f4xx_hal.o
 .ARM.attributes
                0x0000000000000213       0x34 ./Drivers/STM32F4xx_HAL_Driver/Src/stm32f4xx_hal_cortex.o
 .ARM.attributes
                0x0000000000000247       0x34 ./Drivers/STM32F4xx_HAL_Driver/Src/stm32f4xx_hal_rcc.o
 .ARM.attributes
                0x000000000000027b       0x34 ./bsp_f4x/lcd/bsp_lcd.o
 .ARM.attributes
                0x00000000000002af       0x34 /Applications/STM32CubeIDE copy.app/Contents/Eclipse/plugins/com.st.stm32cube.ide.mcu.externaltools.gnu-tools-for-stm32.11.3.rel1.macos64_1.1.1.202309131626/tools/bin/../lib/gcc/arm-none-eabi/11.3.1/../../../../arm-none-eabi/lib/thumb/v7e-m+fp/hard/libc_nano.a(libc_a-memset.o)
 .ARM.attributes
                0x00000000000002e3       0x34 /Applications/STM32CubeIDE copy.app/Contents/Eclipse/plugins/com.st.stm32cube.ide.mcu.externaltools.gnu-tools-for-stm32.11.3.rel1.macos64_1.1.1.202309131626/tools/bin/../lib/gcc/arm-none-eabi/11.3.1/../../../../arm-none-eabi/lib/thumb/v7e-m+fp/hard/libc_nano.a(libc_a-init.o)
 .ARM.attributes
                0x0000000000000317       0x1e /Applications/STM32CubeIDE copy.app/Contents/Eclipse/plugins/com.st.stm32cube.ide.mcu.externaltools.gnu-tools-for-stm32.11.3.rel1.macos64_1.1.1.202309131626/tools/bin/../lib/gcc/arm-none-eabi/11.3.1/thumb/v7e-m+fp/hard/libgcc.a(_aeabi_uldivmod.o)
 .ARM.attributes
                0x0000000000000335       0x34 /Applications/STM32CubeIDE copy.app/Contents/Eclipse/plugins/com.st.stm32cube.ide.mcu.externaltools.gnu-tools-for-stm32.11.3.rel1.macos64_1.1.1.202309131626/tools/bin/../lib/gcc/arm-none-eabi/11.3.1/thumb/v7e-m+fp/hard/libgcc.a(_udivmoddi4.o)
 .ARM.attributes
                0x0000000000000369       0x1e /Applications/STM32CubeIDE copy.app/Contents/Eclipse/plugins/com.st.stm32cube.ide.mcu.externaltools.gnu-tools-for-stm32.11.3.rel1.macos64_1.1.1.202309131626/tools/bin/../lib/gcc/arm-none-eabi/11.3.1/thumb/v7e-m+fp/hard/libgcc.a(_dvmd_tls.o)
 .ARM.attributes
                0x0000000000000387       0x1e /Applications/STM32CubeIDE copy.app/Contents/Eclipse/plugins/com.st.stm32cube.ide.mcu.externaltools.gnu-tools-for-stm32.11.3.rel1.macos64_1.1.1.202309131626/tools/bin/../lib/gcc/arm-none-eabi/11.3.1/thumb/v7e-m+fp/hard/crtn.o
OUTPUT(01_demo_stm32f407discovery.elf elf32-littlearm)
LOAD linker stubs
LOAD /Applications/STM32CubeIDE copy.app/Contents/Eclipse/plugins/com.st.stm32cube.ide.mcu.externaltools.gnu-tools-for-stm32.11.3.rel1.macos64_1.1.1.202309131626/tools/bin/../lib/gcc/arm-none-eabi/11.3.1/../../../../arm-none-eabi/lib/thumb/v7e-m+fp/hard/libc.a
LOAD /Applications/STM32CubeIDE copy.app/Contents/Eclipse/plugins/com.st.stm32cube.ide.mcu.externaltools.gnu-tools-for-stm32.11.3.rel1.macos64_1.1.1.202309131626/tools/bin/../lib/gcc/arm-none-eabi/11.3.1/../../../../arm-none-eabi/lib/thumb/v7e-m+fp/hard/libm.a
LOAD /Applications/STM32CubeIDE copy.app/Contents/Eclipse/plugins/com.st.stm32cube.ide.mcu.externaltools.gnu-tools-for-stm32.11.3.rel1.macos64_1.1.1.202309131626/tools/bin/../lib/gcc/arm-none-eabi/11.3.1/thumb/v7e-m+fp/hard/libgcc.a

.comment        0x0000000000000000       0x43
 .comment       0x0000000000000000       0x43 /Applications/STM32CubeIDE copy.app/Contents/Eclipse/plugins/com.st.stm32cube.ide.mcu.externaltools.gnu-tools-for-stm32.11.3.rel1.macos64_1.1.1.202309131626/tools/bin/../lib/gcc/arm-none-eabi/11.3.1/thumb/v7e-m+fp/hard/crtbegin.o
                                         0x44 (size before relaxing)
 .comment       0x0000000000000043       0x44 ./Core/Src/main.o
 .comment       0x0000000000000043       0x44 ./Core/Src/stm32f4xx_hal_msp.o
 .comment       0x0000000000000043       0x44 ./Core/Src/stm32f4xx_it.o
 .comment       0x0000000000000043       0x44 ./Core/Src/system_stm32f4xx.o
 .comment       0x0000000000000043       0x44 ./Core/Src/t1_320x240.o
 .comment       0x0000000000000043       0x44 ./Core/Src/t2_320x240.o
 .comment       0x0000000000000043       0x44 ./Core/Src/t3_320x240.o
 .comment       0x0000000000000043       0x44 ./Drivers/STM32F4xx_HAL_Driver/Src/stm32f4xx_hal.o
 .comment       0x0000000000000043       0x44 ./Drivers/STM32F4xx_HAL_Driver/Src/stm32f4xx_hal_cortex.o
 .comment       0x0000000000000043       0x44 ./Drivers/STM32F4xx_HAL_Driver/Src/stm32f4xx_hal_rcc.o
 .comment       0x0000000000000043       0x44 ./bsp_f4x/lcd/bsp_lcd.o

.debug_info     0x0000000000000000     0x4300
 .debug_info    0x0000000000000000      0x797 ./Core/Src/main.o
 .debug_info    0x0000000000000797      0x27c ./Core/Src/stm32f4xx_hal_msp.o
 .debug_info    0x0000000000000a13      0x112 ./Core/Src/stm32f4xx_it.o
 .debug_info    0x0000000000000b25      0x512 ./Core/Src/system_stm32f4xx.o
 .debug_info    0x0000000000001037       0xb0 ./Core/Src/t1_320x240.o
 .debug_info    0x00000000000010e7       0xb0 ./Core/Src/t2_320x240.o
 .debug_info    0x0000000000001197       0xb0 ./Core/Src/t3_320x240.o
 .debug_info    0x0000000000001247       0x23 ./Core/Startup/startup_stm32f407vgtx.o
 .debug_info    0x000000000000126a      0x948 ./Drivers/STM32F4xx_HAL_Driver/Src/stm32f4xx_hal.o
 .debug_info    0x0000000000001bb2      0xd46 ./Drivers/STM32F4xx_HAL_Driver/Src/stm32f4xx_hal_cortex.o
 .debug_info    0x00000000000028f8      0x8b1 ./Drivers/STM32F4xx_HAL_Driver/Src/stm32f4xx_hal_rcc.o
 .debug_info    0x00000000000031a9     0x1157 ./bsp_f4x/lcd/bsp_lcd.o

.debug_abbrev   0x0000000000000000     0x113c
 .debug_abbrev  0x0000000000000000      0x255 ./Core/Src/main.o
 .debug_abbrev  0x0000000000000255       0xf4 ./Core/Src/stm32f4xx_hal_msp.o
 .debug_abbrev  0x0000000000000349       0x73 ./Core/Src/stm32f4xx_it.o
 .debug_abbrev  0x00000000000003bc      0x11a ./Core/Src/system_stm32f4xx.o
 .debug_abbrev  0x00000000000004d6       0x63 ./Core/Src/t1_320x240.o
 .debug_abbrev  0x0000000000000539       0x63 ./Core/Src/t2_320x240.o
 .debug_abbrev  0x000000000000059c       0x63 ./Core/Src/t3_320x240.o
 .debug_abbrev  0x00000000000005ff       0x12 ./Core/Startup/startup_stm32f407vgtx.o
 .debug_abbrev  0x0000000000000611      0x213 ./Drivers/STM32F4xx_HAL_Driver/Src/stm32f4xx_hal.o
 .debug_abbrev  0x0000000000000824      0x327 ./Drivers/STM32F4xx_HAL_Driver/Src/stm32f4xx_hal_cortex.o
 .debug_abbrev  0x0000000000000b4b      0x2b6 ./Drivers/STM32F4xx_HAL_Driver/Src/stm32f4xx_hal_rcc.o
 .debug_abbrev  0x0000000000000e01      0x33b ./bsp_f4x/lcd/bsp_lcd.o

.debug_aranges  0x0000000000000000      0x540
 .debug_aranges
                0x0000000000000000       0x40 ./Core/Src/main.o
 .debug_aranges
                0x0000000000000040       0x20 ./Core/Src/stm32f4xx_hal_msp.o
 .debug_aranges
                0x0000000000000060       0x60 ./Core/Src/stm32f4xx_it.o
 .debug_aranges
                0x00000000000000c0       0x28 ./Core/Src/system_stm32f4xx.o
 .debug_aranges
                0x00000000000000e8       0x18 ./Core/Src/t1_320x240.o
 .debug_aranges
                0x0000000000000100       0x18 ./Core/Src/t2_320x240.o
 .debug_aranges
                0x0000000000000118       0x18 ./Core/Src/t3_320x240.o
 .debug_aranges
                0x0000000000000130       0x28 ./Core/Startup/startup_stm32f407vgtx.o
 .debug_aranges
                0x0000000000000158       0xf0 ./Drivers/STM32F4xx_HAL_Driver/Src/stm32f4xx_hal.o
 .debug_aranges
                0x0000000000000248      0x118 ./Drivers/STM32F4xx_HAL_Driver/Src/stm32f4xx_hal_cortex.o
 .debug_aranges
                0x0000000000000360       0x88 ./Drivers/STM32F4xx_HAL_Driver/Src/stm32f4xx_hal_rcc.o
 .debug_aranges
                0x00000000000003e8      0x158 ./bsp_f4x/lcd/bsp_lcd.o

.debug_rnglists
                0x0000000000000000      0x3a4
 .debug_rnglists
                0x0000000000000000       0x2d ./Core/Src/main.o
 .debug_rnglists
                0x000000000000002d       0x13 ./Core/Src/stm32f4xx_hal_msp.o
 .debug_rnglists
                0x0000000000000040       0x43 ./Core/Src/stm32f4xx_it.o
 .debug_rnglists
                0x0000000000000083       0x1a ./Core/Src/system_stm32f4xx.o
 .debug_rnglists
                0x000000000000009d       0x19 ./Core/Startup/startup_stm32f407vgtx.o
 .debug_rnglists
                0x00000000000000b6       0xaf ./Drivers/STM32F4xx_HAL_Driver/Src/stm32f4xx_hal.o
 .debug_rnglists
                0x0000000000000165       0xce ./Drivers/STM32F4xx_HAL_Driver/Src/stm32f4xx_hal_cortex.o
 .debug_rnglists
                0x0000000000000233       0x66 ./Drivers/STM32F4xx_HAL_Driver/Src/stm32f4xx_hal_rcc.o
 .debug_rnglists
                0x0000000000000299      0x10b ./bsp_f4x/lcd/bsp_lcd.o

.debug_macro    0x0000000000000000    0x36398
 .debug_macro   0x0000000000000000      0x31a ./Core/Src/main.o
 .debug_macro   0x000000000000031a      0xaa8 ./Core/Src/main.o
 .debug_macro   0x0000000000000dc2      0x295 ./Core/Src/main.o
 .debug_macro   0x0000000000001057       0x2e ./Core/Src/main.o
 .debug_macro   0x0000000000001085       0x2f ./Core/Src/main.o
 .debug_macro   0x00000000000010b4       0x22 ./Core/Src/main.o
 .debug_macro   0x00000000000010d6       0x8e ./Core/Src/main.o
 .debug_macro   0x0000000000001164       0x51 ./Core/Src/main.o
 .debug_macro   0x00000000000011b5      0x103 ./Core/Src/main.o
 .debug_macro   0x00000000000012b8       0x6a ./Core/Src/main.o
 .debug_macro   0x0000000000001322      0x1df ./Core/Src/main.o
 .debug_macro   0x0000000000001501       0x1c ./Core/Src/main.o
 .debug_macro   0x000000000000151d       0x22 ./Core/Src/main.o
 .debug_macro   0x000000000000153f       0xd9 ./Core/Src/main.o
 .debug_macro   0x0000000000001618     0x102d ./Core/Src/main.o
 .debug_macro   0x0000000000002645      0x11f ./Core/Src/main.o
 .debug_macro   0x0000000000002764    0x15e82 ./Core/Src/main.o
 .debug_macro   0x00000000000185e6       0x6d ./Core/Src/main.o
 .debug_macro   0x0000000000018653     0x367e ./Core/Src/main.o
 .debug_macro   0x000000000001bcd1      0x174 ./Core/Src/main.o
 .debug_macro   0x000000000001be45       0x5c ./Core/Src/main.o
 .debug_macro   0x000000000001bea1      0x96b ./Core/Src/main.o
 .debug_macro   0x000000000001c80c      0x9fe ./Core/Src/main.o
 .debug_macro   0x000000000001d20a      0x115 ./Core/Src/main.o
 .debug_macro   0x000000000001d31f      0x13e ./Core/Src/main.o
 .debug_macro   0x000000000001d45d       0xa5 ./Core/Src/main.o
 .debug_macro   0x000000000001d502      0x174 ./Core/Src/main.o
 .debug_macro   0x000000000001d676      0x287 ./Core/Src/main.o
 .debug_macro   0x000000000001d8fd       0x5f ./Core/Src/main.o
 .debug_macro   0x000000000001d95c      0x236 ./Core/Src/main.o
 .debug_macro   0x000000000001db92      0x12c ./Core/Src/main.o
 .debug_macro   0x000000000001dcbe      0x21e ./Core/Src/main.o
 .debug_macro   0x000000000001dedc       0x2e ./Core/Src/main.o
 .debug_macro   0x000000000001df0a      0x11a ./Core/Src/main.o
 .debug_macro   0x000000000001e024       0x7e ./Core/Src/main.o
 .debug_macro   0x000000000001e0a2       0x89 ./Core/Src/main.o
 .debug_macro   0x000000000001e12b      0x225 ./Core/Src/main.o
 .debug_macro   0x000000000001e350      0x12d ./Core/Src/main.o
 .debug_macro   0x000000000001e47d      0x1ba ./Core/Src/main.o
 .debug_macro   0x000000000001e637       0xb8 ./Core/Src/main.o
 .debug_macro   0x000000000001e6ef       0x40 ./Core/Src/main.o
 .debug_macro   0x000000000001e72f       0x61 ./Core/Src/main.o
 .debug_macro   0x000000000001e790       0x2a ./Core/Src/main.o
 .debug_macro   0x000000000001e7ba       0x43 ./Core/Src/main.o
 .debug_macro   0x000000000001e7fd       0x34 ./Core/Src/main.o
 .debug_macro   0x000000000001e831       0x16 ./Core/Src/main.o
 .debug_macro   0x000000000001e847       0x35 ./Core/Src/main.o
 .debug_macro   0x000000000001e87c      0x369 ./Core/Src/main.o
 .debug_macro   0x000000000001ebe5       0x10 ./Core/Src/main.o
 .debug_macro   0x000000000001ebf5       0x16 ./Core/Src/main.o
 .debug_macro   0x000000000001ec0b       0x43 ./Core/Src/main.o
 .debug_macro   0x000000000001ec4e       0x34 ./Core/Src/main.o
 .debug_macro   0x000000000001ec82       0x10 ./Core/Src/main.o
 .debug_macro   0x000000000001ec92       0x58 ./Core/Src/main.o
 .debug_macro   0x000000000001ecea       0x8e ./Core/Src/main.o
 .debug_macro   0x000000000001ed78       0x1c ./Core/Src/main.o
 .debug_macro   0x000000000001ed94      0x177 ./Core/Src/main.o
 .debug_macro   0x000000000001ef0b       0x16 ./Core/Src/main.o
 .debug_macro   0x000000000001ef21       0x16 ./Core/Src/main.o
 .debug_macro   0x000000000001ef37      0x147 ./Core/Src/main.o
 .debug_macro   0x000000000001f07e      0x1f0 ./Core/Src/main.o
 .debug_macro   0x000000000001f26e      0x1c0 ./Core/Src/main.o
 .debug_macro   0x000000000001f42e       0x88 ./Core/Src/main.o
 .debug_macro   0x000000000001f4b6      0x1c9 ./Core/Src/stm32f4xx_hal_msp.o
 .debug_macro   0x000000000001f67f      0x1d3 ./Core/Src/stm32f4xx_it.o
 .debug_macro   0x000000000001f852      0x1ba ./Core/Src/system_stm32f4xx.o
 .debug_macro   0x000000000001fa0c       0x69 ./Core/Src/t1_320x240.o
 .debug_macro   0x000000000001fa75       0x69 ./Core/Src/t2_320x240.o
 .debug_macro   0x000000000001fade       0x69 ./Core/Src/t3_320x240.o
 .debug_macro   0x000000000001fb47      0x21a ./Drivers/STM32F4xx_HAL_Driver/Src/stm32f4xx_hal.o
 .debug_macro   0x000000000001fd61      0x1ba ./Drivers/STM32F4xx_HAL_Driver/Src/stm32f4xx_hal_cortex.o
 .debug_macro   0x000000000001ff1b      0x1de ./Drivers/STM32F4xx_HAL_Driver/Src/stm32f4xx_hal_rcc.o
 .debug_macro   0x00000000000200f9      0x236 ./bsp_f4x/lcd/bsp_lcd.o
 .debug_macro   0x000000000002032f       0x53 ./bsp_f4x/lcd/bsp_lcd.o
 .debug_macro   0x0000000000020382    0x15e82 ./bsp_f4x/lcd/bsp_lcd.o
 .debug_macro   0x0000000000036204       0x97 ./bsp_f4x/lcd/bsp_lcd.o
 .debug_macro   0x000000000003629b       0xfd ./bsp_f4x/lcd/bsp_lcd.o

.debug_line     0x0000000000000000     0x5c03
 .debug_line    0x0000000000000000      0xa6e ./Core/Src/main.o
 .debug_line    0x0000000000000a6e      0x6be ./Core/Src/stm32f4xx_hal_msp.o
 .debug_line    0x000000000000112c      0x780 ./Core/Src/stm32f4xx_it.o
 .debug_line    0x00000000000018ac      0x73f ./Core/Src/system_stm32f4xx.o
 .debug_line    0x0000000000001feb      0x3a1 ./Core/Src/t1_320x240.o
 .debug_line    0x000000000000238c      0x3a1 ./Core/Src/t2_320x240.o
 .debug_line    0x000000000000272d      0x3a1 ./Core/Src/t3_320x240.o
 .debug_line    0x0000000000002ace       0x7a ./Core/Startup/startup_stm32f407vgtx.o
 .debug_line    0x0000000000002b48      0x9a5 ./Drivers/STM32F4xx_HAL_Driver/Src/stm32f4xx_hal.o
 .debug_line    0x00000000000034ed      0xc54 ./Drivers/STM32F4xx_HAL_Driver/Src/stm32f4xx_hal_cortex.o
 .debug_line    0x0000000000004141      0xd1e ./Drivers/STM32F4xx_HAL_Driver/Src/stm32f4xx_hal_rcc.o
 .debug_line    0x0000000000004e5f      0xda4 ./bsp_f4x/lcd/bsp_lcd.o

.debug_str      0x0000000000000000    0xc3142
 .debug_str     0x0000000000000000    0xc1401 ./Core/Src/main.o
                                      0xc1699 (size before relaxing)
 .debug_str     0x00000000000c1401       0x49 ./Core/Src/stm32f4xx_hal_msp.o
                                      0xbc727 (size before relaxing)
 .debug_str     0x00000000000c144a       0xc9 ./Core/Src/stm32f4xx_it.o
                                      0xbc690 (size before relaxing)
 .debug_str     0x00000000000c1513       0xdb ./Core/Src/system_stm32f4xx.o
                                      0xbc0c1 (size before relaxing)
 .debug_str     0x00000000000c15ee       0x2c ./Core/Src/t1_320x240.o
                                       0x3d39 (size before relaxing)
 .debug_str     0x00000000000c161a       0x19 ./Core/Src/t2_320x240.o
                                       0x3d39 (size before relaxing)
 .debug_str     0x00000000000c1633       0x19 ./Core/Src/t3_320x240.o
                                       0x3d39 (size before relaxing)
 .debug_str     0x00000000000c164c       0x34 ./Core/Startup/startup_stm32f407vgtx.o
                                         0x96 (size before relaxing)
 .debug_str     0x00000000000c1680      0xae7 ./Drivers/STM32F4xx_HAL_Driver/Src/stm32f4xx_hal.o
                                      0xbcc45 (size before relaxing)
 .debug_str     0x00000000000c2167      0x365 ./Drivers/STM32F4xx_HAL_Driver/Src/stm32f4xx_hal_cortex.o
                                      0xbc978 (size before relaxing)
 .debug_str     0x00000000000c24cc      0x233 ./Drivers/STM32F4xx_HAL_Driver/Src/stm32f4xx_hal_rcc.o
                                      0xbc4f5 (size before relaxing)
 .debug_str     0x00000000000c26ff      0xa43 ./bsp_f4x/lcd/bsp_lcd.o
                                      0x86cd2 (size before relaxing)

.debug_frame    0x0000000000000000     0x12dc
 .debug_frame   0x0000000000000000       0xb4 ./Core/Src/main.o
 .debug_frame   0x00000000000000b4       0x34 ./Core/Src/stm32f4xx_hal_msp.o
 .debug_frame   0x00000000000000e8      0x104 ./Core/Src/stm32f4xx_it.o
 .debug_frame   0x00000000000001ec       0x58 ./Core/Src/system_stm32f4xx.o
 .debug_frame   0x0000000000000244      0x374 ./Drivers/STM32F4xx_HAL_Driver/Src/stm32f4xx_hal.o
 .debug_frame   0x00000000000005b8      0x498 ./Drivers/STM32F4xx_HAL_Driver/Src/stm32f4xx_hal_cortex.o
 .debug_frame   0x0000000000000a50      0x1f4 ./Drivers/STM32F4xx_HAL_Driver/Src/stm32f4xx_hal_rcc.o
 .debug_frame   0x0000000000000c44      0x5ec ./bsp_f4x/lcd/bsp_lcd.o
 .debug_frame   0x0000000000001230       0x20 /Applications/STM32CubeIDE copy.app/Contents/Eclipse/plugins/com.st.stm32cube.ide.mcu.externaltools.gnu-tools-for-stm32.11.3.rel1.macos64_1.1.1.202309131626/tools/bin/../lib/gcc/arm-none-eabi/11.3.1/../../../../arm-none-eabi/lib/thumb/v7e-m+fp/hard/libc_nano.a(libc_a-memset.o)
 .debug_frame   0x0000000000001250       0x2c /Applications/STM32CubeIDE copy.app/Contents/Eclipse/plugins/com.st.stm32cube.ide.mcu.externaltools.gnu-tools-for-stm32.11.3.rel1.macos64_1.1.1.202309131626/tools/bin/../lib/gcc/arm-none-eabi/11.3.1/../../../../arm-none-eabi/lib/thumb/v7e-m+fp/hard/libc_nano.a(libc_a-init.o)
 .debug_frame   0x000000000000127c       0x2c /Applications/STM32CubeIDE copy.app/Contents/Eclipse/plugins/com.st.stm32cube.ide.mcu.externaltools.gnu-tools-for-stm32.11.3.rel1.macos64_1.1.1.202309131626/tools/bin/../lib/gcc/arm-none-eabi/11.3.1/thumb/v7e-m+fp/hard/libgcc.a(_aeabi_uldivmod.o)
 .debug_frame   0x00000000000012a8       0x34 /Applications/STM32CubeIDE copy.app/Contents/Eclipse/plugins/com.st.stm32cube.ide.mcu.externaltools.gnu-tools-for-stm32.11.3.rel1.macos64_1.1.1.202309131626/tools/bin/../lib/gcc/arm-none-eabi/11.3.1/thumb/v7e-m+fp/hard/libgcc.a(_udivmoddi4.o)

.debug_line_str
                0x0000000000000000       0x8a
 .debug_line_str
                0x0000000000000000       0x8a ./Core/Startup/startup_stm32f407vgtx.o
                                         0xa2 (size before relaxing)
